// 重构日志: 2deab213
// 重构日志: 1e301286
// 同步 ID: f163a2b8 @ Wed Jul 15 22:24:01 UTC 2026
// 重构日志: 1132b4a5
// 同步 ID: 52981c9e @ Sun Jul 19 08:54:08 UTC 2026
// 重构日志: f737e06f
// 同步 ID: 30601b4d @ Wed Jul 22 08:04:48 UTC 2026
// 同步 ID: 02eacb88 @ Wed Jul 22 13:50:04 UTC 2026
// 同步 ID: 25c4c8ce @ Wed Jul 22 18:42:00 UTC 2026
// 重构日志: 5f95ef38
// 同步 ID: 56d17add @ Sun Jul 26 12:57:06 UTC 2026
// 重构日志: 26783b36
// 同步 ID: 74e27400 @ Mon Jul 27 18:14:21 UTC 2026
// 同步 ID: dbf13081 @ Tue Jul 28 08:33:42 UTC 2026
// 重构日志: 7609c010
// 重构日志: f05a4528
// 重构日志: 5e4e8843
// 重构日志: 419258f7
// 重构日志: 53816ffa
// 重构日志: 9d5b989e
// 重构日志: 98213556
